################################################################################
#                                                                              #
#      IAR Universal Linker V5.0.2.5/W32                                       #
#                                                                              #
#           Link time     =  07/Apr/2017  18:59:26                             #
#           Target CPU    =  x51                                               #
#           List file     =  G:\毕设\CC2530_V2.0\ide\temp\CC2530.map           #
#           Output file 1 =  G:\毕设\CC2530_V2.0\ide\CC2530.hex                #
#                            Format: intel-extended                            #
#           Output file 2 =  G:\毕设\CC2530_V2.0\ide\CC2530.d51                #
#                            Format: debug                                     #
#                            UBROF version 10.0.3                              #
#                            Using library modules for C-SPY (-rt)             #
#           Command line  =  -IH:\IAR\8051\CONFIG\ -D_NR_OF_BANKS=0x07         #
#                            -D_CODEBANK_END=0xFFFF -D_CODEBANK_START=0x8000   #
#                            -D?CBANK_MASK=0xFF -D?CBANK=0x9F                  #
#                            G:\毕设\CC2530_V2.0\ide\temp\CC2530\C51_Gpio.r51  #
#                            G:\毕设\CC2530_V2.0\ide\temp\CC2530\C51_Rtc.r51   #
#                            G:\毕设\CC2530_V2.0\ide\temp\CC2530\CC2530.r51    #
#                            G:\毕设\CC2530_V2.0\ide\temp\CC2530\basic_rf.r51  #
#                            G:\毕设\CC2530_V2.0\ide\temp\CC2530\bh1750.r51    #
#                            G:\毕设\CC2530_V2.0\ide\temp\CC2530\clock.r51     #
#                            G:\毕设\CC2530_V2.0\ide\temp\CC2530\delay.r51     #
#                            G:\毕设\CC2530_V2.0\ide\temp\CC2530\hal_assert.r5 #
#                            1                                                 #
#                            G:\毕设\CC2530_V2.0\ide\temp\CC2530\hal_board.r51 #
#                            G:\毕设\CC2530_V2.0\ide\temp\CC2530\hal_button.r5 #
#                            1                                                 #
#                            G:\毕设\CC2530_V2.0\ide\temp\CC2530\hal_digio.r51 #
#                            G:\毕设\CC2530_V2.0\ide\temp\CC2530\hal_int.r51   #
#                            G:\毕设\CC2530_V2.0\ide\temp\CC2530\hal_led.r51   #
#                            G:\毕设\CC2530_V2.0\ide\temp\CC2530\hal_mcu.r51   #
#                            G:\毕设\CC2530_V2.0\ide\temp\CC2530\hal_rf.r51    #
#                            G:\毕设\CC2530_V2.0\ide\temp\CC2530\hal_rf_securi #
#                            ty.r51                                            #
#                            G:\毕设\CC2530_V2.0\ide\temp\CC2530\iic.r51       #
#                            G:\毕设\CC2530_V2.0\ide\temp\CC2530\max44009.r51  #
#                            G:\毕设\CC2530_V2.0\ide\temp\CC2530\opt3001.r51   #
#                            G:\毕设\CC2530_V2.0\ide\temp\CC2530\sht1x.r51     #
#                            G:\毕设\CC2530_V2.0\ide\temp\CC2530\sht2x.r51     #
#                            G:\毕设\CC2530_V2.0\ide\temp\CC2530\util.r51      #
#                            G:\毕设\CC2530_V2.0\ide\temp\CC2530\util_buffer.r #
#                            51                                                #
#                            -o G:\毕设\CC2530_V2.0\ide\CC2530.d51 -l          #
#                            G:\毕设\CC2530_V2.0\ide\temp\CC2530.map -xmsn     #
#                            -IH:\IAR\8051\LIB\ -f                             #
#                            "H:\IAR\8051\config\devices\Texas Instruments\lnk #
#                            51ew_cc2530F256_banked.xcl"                       #
#                            (-D_IDATA0_START=0x00 -D_IDATA0_END=0xFF          #
#                            -D_PDATA0_START=0x1E00 -D_PDATA0_END=0x1EFF       #
#                            -D_IXDATA0_START=0x0001 -D_IXDATA0_END=0x1EFF     #
#                            -D_XDATA0_START=_IXDATA0_START                    #
#                            -D_XDATA0_END=_IXDATA0_END                        #
#                            -D_NEAR_CODE_START=0x0000                         #
#                            -D_FIRST_BANK_ADDR=0x10000 -D?REGISTER_BANK=0x0   #
#                            -D_REGISTER_BANK_START=0x0 -D?PBANK_NUMBER=0x1E   #
#                            -D_BREG_START=0x00 -D?VB=0x20 -D?ESP=0x9B         #
#                            -Z(BIT)BREG=_BREG_START -Z(BIT)BIT_N=0-7F         #
#                            -Z(DATA)REGISTERS+8=_REGISTER_BANK_START          #
#                            -Z(DATA)BDATA_Z,BDATA_N,BDATA_I=20-2F             #
#                            -Z(DATA)VREG+_NR_OF_VIRTUAL_REGISTERS=08-7F       #
#                            -Z(DATA)PSP,XSP=08-7F -Z(DATA)DOVERLAY=08-7F      #
#                            -Z(DATA)DATA_I,DATA_Z,DATA_N=08-7F                #
#                            -U(IDATA)0-7F=(DATA)0-7F                          #
#                            -Z(IDATA)IDATA_I,IDATA_Z,IDATA_N=08-_IDATA0_END   #
#                            -Z(IDATA)ISTACK+_IDATA_STACK_SIZE#08-_IDATA0_END  #
#                            -Z(IDATA)IOVERLAY=08-FF -Z(CODE)INTVEC=0          #
#                            -Z(CODE)CSTART=_NEAR_CODE_START-(_CODEBANK_START- #
#                            1)                                                #
#                            -Z(CODE)BIT_ID,BDATA_ID,DATA_ID,IDATA_ID,IXDATA_I #
#                            D,PDATA_ID,XDATA_ID=_NEAR_CODE_START-(_CODEBANK_S #
#                            TART-1)                                           #
#                            -Z(CODE)BANK_RELAYS,RCODE,DIFUNCT,CODE_C,CODE_N,N #
#                            EAR_CODE=_NEAR_CODE_START-(_CODEBANK_START-1)     #
#                            -P(CODE)BANKED_CODE=_NEAR_CODE_START-(_CODEBANK_S #
#                            TART-1),[(_CODEBANK_START+_FIRST_BANK_ADDR)-(_COD #
#                            EBANK_END+_FIRST_BANK_ADDR)]*_NR_OF_BANKS+10000   #
#                            -Z(CODE)CHECKSUM#(_CODEBANK_START-1)              #
#                            -Z(XDATA)EXT_STACK+_EXTENDED_STACK_SIZE=_EXTENDED #
#                            _STACK_START                                      #
#                            -Z(XDATA)PSTACK+_PDATA_STACK_SIZE=_PDATA0_START-_ #
#                            PDATA0_END                                        #
#                            -Z(XDATA)XSTACK+_XDATA_STACK_SIZE=_XDATA0_START-_ #
#                            XDATA0_END                                        #
#                            -Z(XDATA)PDATA_Z,PDATA_I=_PDATA0_START-_PDATA0_EN #
#                            D                                                 #
#                            -P(XDATA)PDATA_N=_PDATA0_START-_PDATA0_END        #
#                            -Z(XDATA)IXDATA_Z,IXDATA_I=_IXDATA0_START-_IXDATA #
#                            0_END                                             #
#                            -P(XDATA)IXDATA_N=_IXDATA0_START-_IXDATA0_END     #
#                            -Z(XDATA)XDATA_Z,XDATA_I=_XDATA0_START-_XDATA0_EN #
#                            D                                                 #
#                            -P(XDATA)XDATA_N=_XDATA0_START-_XDATA0_END        #
#                            -Z(XDATA)XDATA_HEAP+_XDATA_HEAP_SIZE=_XDATA0_STAR #
#                            T-_XDATA0_END                                     #
#                            -Z(CONST)XDATA_ROM_C=_XDATA0_START-_XDATA0_END    #
#                            -cx51                                             #
#                            -M(CODE)[(_CODEBANK_START+_FIRST_BANK_ADDR)-(_COD #
#                            EBANK_END+_FIRST_BANK_ADDR)]*_NR_OF_BANKS+0x10000 #
#                            =0x8000                                           #
#                            -ww69=i -D_BANK0_START=0x00000                    #
#                            -D_BANK0_END=0x07FFF -D_BANK1_START=0x18000       #
#                            -D_BANK1_END=0x1FFFF -D_BANK2_START=0x28000       #
#                            -D_BANK2_END=0x2FFFF -D_BANK3_START=0x38000       #
#                            -D_BANK3_END=0x3FFFF -D_BANK4_START=0x48000       #
#                            -D_BANK4_END=0x4FFFF -D_BANK5_START=0x58000       #
#                            -D_BANK5_END=0x5FFFF -D_BANK6_START=0x68000       #
#                            -D_BANK6_END=0x6FFFF -D_BANK7_START=0x78000       #
#                            -D_BANK7_END=0x7FFFF                              #
#                            -P(CODE)BANK0=_BANK0_START-_BANK0_END             #
#                            -P(CODE)BANK1=_BANK1_START-_BANK1_END             #
#                            -P(CODE)BANK2=_BANK2_START-_BANK2_END             #
#                            -P(CODE)BANK3=_BANK3_START-_BANK3_END             #
#                            -P(CODE)BANK4=_BANK4_START-_BANK4_END             #
#                            -P(CODE)BANK5=_BANK5_START-_BANK5_END             #
#                            -P(CODE)BANK6=_BANK6_START-_BANK6_END             #
#                            -P(CODE)BANK7=_BANK7_START-_BANK7_END             #
#                            -D_FLASH_LOCK_BITS_START=0x7FFF0                  #
#                            -D_FLASH_LOCK_BITS_END=0x7FFFF                    #
#                            -Z(CODE)FLASH_LOCK_BITS=_FLASH_LOCK_BITS_START-_F #
#                            LASH_LOCK_BITS_END                                #
#                            -U(CODE)0x0000=(CODE)_FLASH_LOCK_BITS_START-_FLAS #
#                            H_LOCK_BITS_END)                                  #
#                            -e?BCALL_FF=?BCALL -e?BRET_FF=?BRET               #
#                            -e?BDISPATCH_FF=?BDISPATCH                        #
#                            -D_NR_OF_VIRTUAL_REGISTERS=8 -D?PBANK=0x93        #
#                            -e_medium_write=_formatted_write                  #
#                            -e_medium_read=_formatted_read -rt                #
#                            -Ointel-extended=G:\毕设\CC2530_V2.0\ide\CC2530.h #
#                            ex                                                #
#                            -s __program_start                                #
#                            H:\IAR\8051\LIB\CLIB\cl-pli-blxd-1e16x01.r51      #
#                            -D_IDATA_STACK_SIZE=0x40                          #
#                            -D_EXTENDED_STACK_START=0x00                      #
#                            -D_EXTENDED_STACK_SIZE=0x00                       #
#                            -D_PDATA_STACK_SIZE=0x80                          #
#                            -D_XDATA_STACK_SIZE=0x1FF                         #
#                            -D_XDATA_HEAP_SIZE=0xFF -D_FAR_HEAP_SIZE=0xFFF    #
#                            -D_HUGE_HEAP_SIZE=0xFFF                           #
#                            -D_FAR22_HEAP_SIZE=0xFFF                          #
#                                                                              #
#                           Copyright (C) 1987-2010 IAR Systems AB.            #
################################################################################





                ****************************************
                *                                      *
                *           CROSS REFERENCE            *
                *                                      *
                ****************************************

       Program entry at : CODE      000000E3  Relocatable, from module : CSTARTUP




                ****************************************
                *                                      *
                *            RUNTIME MODEL             *
                *                                      *
                ****************************************

  __SystemLibrary          = CLib
  __calling_convention     = xdata_reentrant
  __code_model             = banked
  __core                   = plain
  __data_model             = large
  __dptr_size              = 16
  __extended_stack         = disabled
  __location_for_constants = data
  __number_of_dptrs        = 1
  __rt_version             = 1



                ****************************************
                *                                      *
                *              MODULE MAP              *
                *                                      *
                ****************************************


  DEFINED ABSOLUTE ENTRIES
    *************************************************************************

  DEFINED ABSOLUTE ENTRIES
  PROGRAM MODULE, NAME : ?ABS_ENTRY_MOD

Absolute parts
           ENTRY                   ADDRESS         REF BY
           =====                   =======         ======
           _FAR22_HEAP_SIZE        00000FFF 
           _HUGE_HEAP_SIZE         00000FFF 
           _FAR_HEAP_SIZE          00000FFF 
           _XDATA_HEAP_SIZE        000000FF 
           _XDATA_STACK_SIZE       000001FF 
           _PDATA_STACK_SIZE       00000080 
           _EXTENDED_STACK_SIZE    00000000 
           _EXTENDED_STACK_START   00000000 
           _IDATA_STACK_SIZE       00000040 
           ?PBANK                  00000093 
           _NR_OF_VIRTUAL_REGISTERS
                                   00000008 
           _FLASH_LOCK_BITS_END    0003FFFF 
           _FLASH_LOCK_BITS_START
                                   0003FFF0 
           _BANK7_END              0003FFFF 
           _BANK7_START            00038000 
           _BANK6_END              00037FFF 
           _BANK6_START            00030000 
           _BANK5_END              0002FFFF 
           _BANK5_START            00028000 
           _BANK4_END              00027FFF 
           _BANK4_START            00020000 
           _BANK3_END              0001FFFF 
           _BANK3_START            00018000 
           _BANK2_END              00017FFF 
           _BANK2_START            00010000 
           _BANK1_END              0000FFFF 
           _BANK1_START            00008000 
           _BANK0_END              00007FFF 
           _BANK0_START            00000000 
           ?ESP                    0000009B 
           ?VB                     00000020        ?BANKED_ENTER_XDATA (?BANKED_ENTER_XDATA)
                                                   ?BANKED_LEAVE_XDATA (?BANKED_LEAVE_XDATA)
                                                   ?INTERRUPT_ENTER_XSP (?INTERRUPT_ENTER_XSP)
                                                   ?INTERRUPT_LEAVE_XSP (?INTERRUPT_LEAVE_XSP)
           _BREG_START             00000000 
           ?PBANK_NUMBER           0000001E 
           _REGISTER_BANK_START    00000000 
           ?REGISTER_BANK          00000000        Segment part 6 (CSTARTUP)
           _FIRST_BANK_ADDR        00010000 
           _NEAR_CODE_START        00000000 
           _XDATA0_END             00001EFF 
           _XDATA0_START           00000001 
           _IXDATA0_END            00001EFF 
           _IXDATA0_START          00000001 
           _PDATA0_END             00001EFF 
           _PDATA0_START           00001E00 
           _IDATA0_END             000000FF 
           _IDATA0_START           00000000 
           ?CBANK                  0000009F        ?RESET_CODE_BANK (CSTARTUP)
                                                   Segment part 0 (?BANKED_CODE_SUPPORT)
           ?CBANK_MASK             000000FF 
           _CODEBANK_START         00008000 
           _CODEBANK_END           0000FFFF 
           _NR_OF_BANKS            00000007 
    *************************************************************************

  FILE NAME : G:\毕设\CC2530_V2.0\ide\temp\CC2530\C51_Gpio.r51
    *************************************************************************

  FILE NAME : G:\毕设\CC2530_V2.0\ide\temp\CC2530\C51_Rtc.r51
    *************************************************************************

  FILE NAME : G:\毕设\CC2530_V2.0\ide\temp\CC2530\CC2530.r51
    *************************************************************************

  FILE NAME : G:\毕设\CC2530_V2.0\ide\temp\CC2530\basic_rf.r51
  PROGRAM MODULE, NAME : basic_rf

  SEGMENTS IN THE MODULE
  ======================
XDATA_I
  Relative segment, address: XDATA 00000338 - 00000343 (0xc bytes), align: 0
  Segment part 46.            Intra module refs:   basicRfInit
                                                   basicRfRxFrmDoneIsr
           LOCAL                   ADDRESS         
           =====                   =======         
           rxi                     00000338 
    -------------------------------------------------------------------------
XDATA_I
  Relative segment, address: XDATA 00000344 - 00000347 (0x4 bytes), align: 0
  Segment part 60.            Intra module refs:   basicRfInit
           ENTRY                   ADDRESS         REF BY
           =====                   =======         ======
           __Constant_0            00000344 
    -------------------------------------------------------------------------
XDATA_Z
  Relative segment, address: XDATA 00000200 - 00000206 (0x7 bytes), align: 0
  Segment part 48.            Intra module refs:   RF_Initial
                                                   basicRfInit
                                                   basicRfRxFrmDoneIsr
                                                   basicRfSendPacket
           LOCAL                   ADDRESS         
           =====                   =======         
           txState                 00000200 
    -------------------------------------------------------------------------
XDATA_Z
  Relative segment, address: XDATA 00000207 - 00000208 (0x2 bytes), align: 0
  Segment part 49.            Intra module refs:   ?Subroutine16
                                                   basicRfInit
                                                   basicRfSendPacket
           LOCAL                   ADDRESS         
           =====                   =======         
           pConfig                 00000207 
    -------------------------------------------------------------------------
XDATA_Z
  Relative segment, address: XDATA 00000209 - 0000027B (0x73 bytes), align: 0
  Segment part 50.            Intra module refs:   basicRfSendPacket
           LOCAL                   ADDRESS         
           =====                   =======         
           txMpdu                  00000209 
    -------------------------------------------------------------------------
XDATA_Z
  Relative segment, address: XDATA 0000027C - 000002FB (0x80 bytes), align: 0
  Segment part 51.            Intra module refs:   ?Subroutine8
                                                   basicRfRxFrmDoneIsr
           LOCAL                   ADDRESS         
           =====                   =======         
           rxMpdu                  0000027C 
    -------------------------------------------------------------------------
<BANKED_CODE> 1 (was BANKED_CODE)
  Relative segment, address: CODE 0000053A - 00000610 (0xd7 bytes), align: 0
  Segment part 62.            Intra module refs:   basicRfRxFrmDoneIsr::?relay
           LOCAL                   ADDRESS         
           =====                   =======         
           basicRfRxFrmDoneIsr     0000053A 
               calls direct, is indirectly called
               ISTACK = 00000000 ( 00000002 )
    -------------------------------------------------------------------------
<BANKED_CODE> 1 (was BANKED_CODE)
  Relative segment, address: CODE 00000611 - 0000061E (0xe bytes), align: 0
  Segment part 64.            Intra module refs:   basicRfRxFrmDoneIsr
           LOCAL                   ADDRESS         
           =====                   =======         
           ?Subroutine8            00000611 
    -------------------------------------------------------------------------
<BANKED_CODE> 1 (was BANKED_CODE)
  Relative segment, address: CODE 0000061F - 000006A1 (0x83 bytes), align: 0
  Segment part 65.            Intra module refs:   basicRfInit::?relay
           ENTRY                   ADDRESS         REF BY
           =====                   =======         ======
           basicRfInit             0000061F 
               calls direct
               XSTACK = 00000009 ( 00000009 )
    -------------------------------------------------------------------------
<BANKED_CODE> 1 (was BANKED_CODE)
  Relative segment, address: CODE 000006A2 - 000007A2 (0x101 bytes), align: 0
  Segment part 67.            Intra module refs:   basicRfSendPacket::?relay
           ENTRY                   ADDRESS         REF BY
           =====                   =======         ======
           basicRfSendPacket       000006A2 
               calls direct
               XSTACK = 00000005 ( 0000000B )
               ISTACK = 00000000 ( 00000001 )
    -------------------------------------------------------------------------
<BANKED_CODE> 1 (was BANKED_CODE)
  Relative segment, address: CODE 000007A3 - 000007A6 (0x4 bytes), align: 0
  Segment part 69.            Intra module refs:   basicRfInit
                                                   basicRfSendPacket
           LOCAL                   ADDRESS         
           =====                   =======         
           ?Subroutine9            000007A3 
    -------------------------------------------------------------------------
<BANKED_CODE> 1 (was BANKED_CODE)
  Relative segment, address: CODE 000007A7 - 000007AC (0x6 bytes), align: 0
  Segment part 70.            Intra module refs:   ?Subroutine5
                                                   ?Subroutine9
           LOCAL                   ADDRESS         
           =====                   =======         
           ?Subroutine16           000007A7 
    -------------------------------------------------------------------------
<BANKED_CODE> 1 (was BANKED_CODE)
  Relative segment, address: CODE 000007AD - 000007B2 (0x6 bytes), align: 0
  Segment part 71.            Intra module refs:   ?Subroutine16
                                                   ?Subroutine6
                                                   ?Subroutine7
    -------------------------------------------------------------------------
<BANKED_CODE> 1 (was BANKED_CODE)
  Relative segment, address: CODE 000007B3 - 000007BB (0x9 bytes), align: 0
  Segment part 72.            Intra module refs:   basicRfInit
                                                   basicRfSendPacket
           LOCAL                   ADDRESS         
           =====                   =======         
           ?Subroutine7            000007B3 
    -------------------------------------------------------------------------
<BANKED_CODE> 1 (was BANKED_CODE)
  Relative segment, address: CODE 000007BC - 000007C6 (0xb bytes), align: 0
  Segment part 73.            Intra module refs:   basicRfInit
                                                   basicRfSendPacket
           LOCAL                   ADDRESS         
           =====                   =======         
           ?Subroutine6            000007BC 
    -------------------------------------------------------------------------
<BANKED_CODE> 1 (was BANKED_CODE)
  Relative segment, address: CODE 000007C7 - 000007D0 (0xa bytes), align: 0
  Segment part 74.            Intra module refs:   basicRfSendPacket
           LOCAL                   ADDRESS         
           =====                   =======         
           ?Subroutine5            000007C7 
    -------------------------------------------------------------------------
SFR_AN
  Relative segment, address: DATA 00000080 - 00000080 (0x1 bytes), align: 0
  Segment part 1. ROOT.       Intra module refs:   C51_GPIO_ioDetective
                                                   halLedClear
                                                   halLedSet
                                                   halLedToggle
           ENTRY                   ADDRESS         REF BY
           =====                   =======         ======
           _A_P0                   00000080 
           LOCAL                   ADDRESS         
           =====                   =======         
           P0                      00000080 
    -------------------------------------------------------------------------
SFR_AN
  Relative segment, address: DATA 00000087 - 00000087 (0x1 bytes), align: 0
  Segment part 2. ROOT.       Intra module refs:   C51_RTC_SysPowerMode
           ENTRY                   ADDRESS         REF BY
           =====                   =======         ======
           PCON                    00000087 
    -------------------------------------------------------------------------
SFR_AN
  Relative segment, address: DATA 00000088 - 00000088 (0x1 bytes), align: 0
  Segment part 3. ROOT.       Intra module refs:   UART0_ISR
           ENTRY                   ADDRESS         REF BY
           =====                   =======         ======
           _A_TCON                 00000088 
           LOCAL                   ADDRESS         
           =====                   =======         
           TCON                    00000088 
    -------------------------------------------------------------------------
SFR_AN
  Relative segment, address: DATA 00000089 - 00000089 (0x1 bytes), align: 0
  Segment part 4. ROOT.       Intra module refs:   port0_ISR
           ENTRY                   ADDRESS         REF BY
           =====                   =======         ======
           P0IFG                   00000089 
    -------------------------------------------------------------------------
SFR_AN
  Relative segment, address: DATA 0000008A - 0000008A (0x1 bytes), align: 0
  Segment part 5. ROOT.       Intra module refs:   port1_ISR
           ENTRY                   ADDRESS         REF BY
           =====                   =======         ======
           P1IFG                   0000008A 
    -------------------------------------------------------------------------
SFR_AN
  Relative segment, address: DATA 0000008B - 0000008B (0x1 bytes), align: 0
  Segment part 6. ROOT.       Intra module refs:   port2_ISR
           ENTRY                   ADDRESS         REF BY
           =====                   =======         ======
           P2IFG                   0000008B 
    -------------------------------------------------------------------------
SFR_AN
  Relative segment, address: DATA 00000090 - 00000090 (0x1 bytes), align: 0
  Segment part 7. ROOT.       Intra module refs:   C51_GPIO_ioCheckInput
                                                   IIC_Read_Byte
                                                   IIC_Send_Byte
                                                   IIC_Start
                                                   IIC_Stop
                                                   IIC_Wait_Ack
                                                   SHT1x_ReadByte
                                                   SHT1x_ReadResult
                                                   SHT1x_TransStart
                                                   SHT1x_WriteByte
                                                   main
           ENTRY                   ADDRESS         REF BY
           =====                   =======         ======
           _A_P1                   00000090 
           LOCAL                   ADDRESS         
           =====                   =======         
           P1                      00000090 
    -------------------------------------------------------------------------
SFR_AN
  Relative segment, address: DATA 00000091 - 00000091 (0x1 bytes), align: 0
  Segment part 8. ROOT.       Intra module refs:   basicRfSendPacket
                                                   halRfWriteTxBuf
           ENTRY                   ADDRESS         REF BY
           =====                   =======         ======
           RFIRQF1                 00000091 
    -------------------------------------------------------------------------
SFR_AN
  Relative segment, address: DATA 00000095 - 00000095 (0x1 bytes), align: 0
  Segment part 9. ROOT.       Intra module refs:   C51_RTC_EnterSleep
                                                   main
           ENTRY                   ADDRESS         REF BY
           =====                   =======         ======
           ST0                     00000095 
    -------------------------------------------------------------------------
SFR_AN
  Relative segment, address: DATA 00000096 - 00000096 (0x1 bytes), align: 0
  Segment part 10. ROOT.      Intra module refs:   C51_RTC_EnterSleep
                                                   main
           ENTRY                   ADDRESS         REF BY
           =====                   =======         ======
           ST1                     00000096 
    -------------------------------------------------------------------------
SFR_AN
  Relative segment, address: DATA 00000097 - 00000097 (0x1 bytes), align: 0
  Segment part 11. ROOT.      Intra module refs:   C51_RTC_EnterSleep
                                                   main
           ENTRY                   ADDRESS         REF BY
           =====                   =======         ======
           ST2                     00000097 
    -------------------------------------------------------------------------
SFR_AN
  Relative segment, address: DATA 0000009A - 0000009A (0x1 bytes), align: 0
  Segment part 12. ROOT.      Intra module refs:   halRfDisableRxInterrupt
                                                   halRfEnableRxInterrupt
           ENTRY                   ADDRESS         REF BY
           =====                   =======         ======
           IEN2                    0000009A 
    -------------------------------------------------------------------------
SFR_AN
  Relative segment, address: DATA 0000009B - 0000009B (0x1 bytes), align: 0
  Segment part 13. ROOT.      Intra module refs:   rfIsr
           ENTRY                   ADDRESS         REF BY
           =====                   =======         ======
           S1CON                   0000009B 
    -------------------------------------------------------------------------
SFR_AN
  Relative segment, address: DATA 0000009D - 0000009D (0x1 bytes), align: 0
  Segment part 14. ROOT.      Intra module refs:   clockSetMainSrc
           ENTRY                   ADDRESS         REF BY
           =====                   =======         ======
           SLEEPSTA                0000009D 
    -------------------------------------------------------------------------
SFR_AN
  Relative segment, address: DATA 0000009E - 0000009E (0x1 bytes), align: 0
  Segment part 15. ROOT.      Intra module refs:   clockSelect32k
                                                   clockSetMainSrc
           ENTRY                   ADDRESS         REF BY
           =====                   =======         ======
           CLKCONSTA               0000009E 
    -------------------------------------------------------------------------
SFR_AN
  Relative segment, address: DATA 000000A0 - 000000A0 (0x1 bytes), align: 0
  Segment part 16. ROOT.      Intra module refs:   C51_GPIO_ioCheckInput
                                                   halLedClear
                                                   halLedSet
                                                   halLedToggle
                                                   main
           ENTRY                   ADDRESS         REF BY
           =====                   =======         ======
           _A_P2                   000000A0 
           LOCAL                   ADDRESS         
           =====                   =======         
           P2                      000000A0 
    -------------------------------------------------------------------------
SFR_AN
  Relative segment, address: DATA 000000A8 - 000000A8 (0x1 bytes), align: 0
  Segment part 17. ROOT.      Intra module refs:   basicRfInit
                                                   basicRfRxFrmDoneIsr
                                                   main
                                                   rfIsr
           ENTRY                   ADDRESS         REF BY
           =====                   =======         ======
           _A_IEN0                 000000A8 
           LOCAL                   ADDRESS         
           =====                   =======         
           IEN0                    000000A8 
    -------------------------------------------------------------------------
SFR_AN
  Relative segment, address: DATA 000000BE - 000000BE (0x1 bytes), align: 0
  Segment part 18. ROOT.      Intra module refs:   C51_RTC_SysPowerMode
                                                   clockSetMainSrc
           ENTRY                   ADDRESS         REF BY
           =====                   =======         ======
           SLEEPCMD                000000BE 
    -------------------------------------------------------------------------
SFR_AN
  Relative segment, address: DATA 000000C0 - 000000C0 (0x1 bytes), align: 0
  Segment part 19. ROOT.      Intra module refs:   ST_ISR
                                                   main
                                                   port0_ISR
           ENTRY                   ADDRESS         REF BY
           =====                   =======         ======
           _A_IRCON                000000C0 
           LOCAL                   ADDRESS         
           =====                   =======         
           IRCON                   000000C0 
    -------------------------------------------------------------------------
SFR_AN
  Relative segment, address: DATA 000000C1 - 000000C1 (0x1 bytes), align: 0
  Segment part 20. ROOT.      Intra module refs:   UART0_ISR
           ENTRY                   ADDRESS         REF BY
           =====                   =======         ======
           U0DBUF                  000000C1 
    -------------------------------------------------------------------------
SFR_AN
  Relative segment, address: DATA 000000C6 - 000000C6 (0x1 bytes), align: 0
  Segment part 21. ROOT.      Intra module refs:   clockSelect32k
                                                   clockSetMainSrc
           ENTRY                   ADDRESS         REF BY
           =====                   =======         ======
           CLKCONCMD               000000C6 
    -------------------------------------------------------------------------
SFR_AN
  Relative segment, address: DATA 000000D9 - 000000D9 (0x1 bytes), align: 0
  Segment part 22. ROOT.      Intra module refs:   halRfReadRxBuf
                                                   halRfWriteTxBuf
           ENTRY                   ADDRESS         REF BY
           =====                   =======         ======
           RFD                     000000D9 
    -------------------------------------------------------------------------
SFR_AN
  Relative segment, address: DATA 000000E1 - 000000E1 (0x1 bytes), align: 0
  Segment part 23. ROOT.      Intra module refs:   RF_Initial
                                                   basicRfSendPacket
                                                   halRfWriteTxBuf
           ENTRY                   ADDRESS         REF BY
           =====                   =======         ======
           RFST                    000000E1 
    -------------------------------------------------------------------------
SFR_AN
  Relative segment, address: DATA 000000E8 - 000000E8 (0x1 bytes), align: 0
  Segment part 24. ROOT.      Intra module refs:   main
                                                   port1_ISR
                                                   port2_ISR
           ENTRY                   ADDRESS         REF BY
           =====                   =======         ======
           _A_IRCON2               000000E8 
           LOCAL                   ADDRESS         
           =====                   =======         
           IRCON2                  000000E8 
    -------------------------------------------------------------------------
SFR_AN
  Relative segment, address: DATA 000000E9 - 000000E9 (0x1 bytes), align: 0
  Segment part 25. ROOT.      Intra module refs:   rfIsr
           ENTRY                   ADDRESS         REF BY
           =====                   =======         ======
           RFIRQF0                 000000E9 
    -------------------------------------------------------------------------
SFR_AN
  Relative segment, address: DATA 000000F1 - 000000F1 (0x1 bytes), align: 0
  Segment part 26. ROOT.      Intra module refs:   main
           ENTRY                   ADDRESS         REF BY
           =====                   =======         ======
           PERCFG                  000000F1 
    -------------------------------------------------------------------------
SFR_AN
  Relative segment, address: DATA 000000F3 - 000000F3 (0x1 bytes), align: 0
  Segment part 27. ROOT.      Intra module refs:   main
           ENTRY                   ADDRESS         REF BY
           =====                   =======         ======
           P0SEL                   000000F3 
    -------------------------------------------------------------------------
SFR_AN
  Relative segment, address: DATA 000000F4 - 000000F4 (0x1 bytes), align: 0
  Segment part 28. ROOT.      Intra module refs:   main
           ENTRY                   ADDRESS         REF BY
           =====                   =======         ======
           P1SEL                   000000F4 
    -------------------------------------------------------------------------
SFR_AN
  Relative segment, address: DATA 000000F6 - 000000F6 (0x1 bytes), align: 0
  Segment part 29. ROOT.      Intra module refs:   main
           ENTRY                   ADDRESS         REF BY
           =====                   =======         ======
           P1INP                   000000F6 
    -------------------------------------------------------------------------
SFR_AN
  Relative segment, address: DATA 000000F8 - 000000F8 (0x1 bytes), align: 0
  Segment part 30. ROOT.      Intra module refs:   main
           ENTRY                   ADDRESS         REF BY
           =====                   =======         ======
           _A_U1CSR                000000F8 
           LOCAL                   ADDRESS         
           =====                   =======         
           U1CSR                   000000F8 
    -------------------------------------------------------------------------
SFR_AN
  Relative segment, address: DATA 000000FA - 000000FA (0x1 bytes), align: 0
  Segment part 31. ROOT.      Intra module refs:   main
           ENTRY                   ADDRESS         REF BY
           =====                   =======         ======
           U1BAUD                  000000FA 
    -------------------------------------------------------------------------
SFR_AN
  Relative segment, address: DATA 000000FC - 000000FC (0x1 bytes), align: 0
  Segment part 32. ROOT.      Intra module refs:   main
           ENTRY                   ADDRESS         REF BY
           =====                   =======         ======
           U1GCR                   000000FC 
    -------------------------------------------------------------------------
SFR_AN
  Relative segment, address: DATA 000000FE - 000000FE (0x1 bytes), align: 0
  Segment part 33. ROOT.      Intra module refs:   IIC_Read_Byte
                                                   IIC_Send_Byte
                                                   IIC_Start
                                                   IIC_Stop
                                                   IIC_Wait_Ack
                                                   SHT1x_ReadByte
                                                   SHT1x_ReadResult
                                                   SHT1x_TransStart
                                                   main
           ENTRY                   ADDRESS         REF BY
           =====                   =======         ======
           P1DIR                   000000FE 
    -------------------------------------------------------------------------
SFR_AN
  Relative segment, address: DATA 000000FF - 000000FF (0x1 bytes), align: 0
  Segment part 34. ROOT.      Intra module refs:   main
           ENTRY                   ADDRESS         REF BY
           =====                   =======         ======
           P2DIR                   000000FF 
    -------------------------------------------------------------------------
<BANKED_CODE> 1 (was BANKED_CODE)
  Relative segment, address: CODE 000007D1 - 00000804 (0x34 bytes), align: 0
  Segment part 75.            Intra module refs:   clockSetMainSrc::?relay
           ENTRY                   ADDRESS         REF BY
           =====                   =======         ======
           clockSetMainSrc         000007D1 
    -------------------------------------------------------------------------
<BANKED_CODE> 1 (was BANKED_CODE)
  Relative segment, address: CODE 00000805 - 0000082D (0x29 bytes), align: 0
  Segment part 77.            Intra module refs:   clockSelect32k::?relay
           ENTRY                   ADDRESS         REF BY
           =====                   =======         ======
           clockSelect32k          00000805 
    -------------------------------------------------------------------------
<BANKED_CODE> 1 (was BANKED_CODE)
  Relative segment, address: CODE 0000082E - 00000851 (0x24 bytes), align: 0
  Segment part 79.            Intra module refs:   halMcuInit::?relay
           ENTRY                   ADDRESS         REF BY
           =====                   =======         ======
           halMcuInit              0000082E 
               calls direct
               XSTACK = 00000005 ( 00000000 )
               ISTACK = 00000000 ( 00000002 )
    -------------------------------------------------------------------------
<BANKED_CODE> 1 (was BANKED_CODE)
  Relative segment, address: CODE 00000852 - 0000087E (0x2d bytes), align: 0
  Segment part 81.            Intra module refs:   halMcuWaitUs::?relay
           ENTRY                   ADDRESS         REF BY
           =====                   =======         ======
           halMcuWaitUs            00000852 
               XSTACK = 00000010 ( 00000000 )
    -------------------------------------------------------------------------
<BANKED_CODE> 1 (was BANKED_CODE)
  Relative segment, address: CODE 0000087F - 000008A5 (0x27 bytes), align: 0
  Segment part 83.            Intra module refs:   halMcuWaitMs::?relay
           ENTRY                   ADDRESS         REF BY
           =====                   =======         ======
           halMcuWaitMs            0000087F 
               calls direct
               XSTACK = 00000005 ( 00000009 )
    -------------------------------------------------------------------------
XDATA_Z
  Relative segment, address: XDATA 000002FC - 000002FD (0x2 bytes), align: 0
  Segment part 52.            Intra module refs:   basicRfInit
                                                   rfIsr
           LOCAL                   ADDRESS         
           =====                   =======         
           pfISR                   000002FC 
    -------------------------------------------------------------------------
<BANKED_CODE> 1 (was BANKED_CODE)
  Relative segment, address: CODE 000008A6 - 000008C8 (0x23 bytes), align: 0
  Segment part 85.            Intra module refs:   halRfInit::?relay
           ENTRY                   ADDRESS         REF BY
           =====                   =======         ======
           halRfInit               000008A6 
               calls direct
               XSTACK = 00000009 ( 00000000 )
               ISTACK = 00000000 ( 00000002 )
    -------------------------------------------------------------------------
<BANKED_CODE> 1 (was BANKED_CODE)
  Relative segment, address: CODE 000008C9 - 000008F1 (0x29 bytes), align: 0
  Segment part 87.            Intra module refs:   halRfWriteTxBuf::?relay
           ENTRY                   ADDRESS         REF BY
           =====                   =======         ======
           halRfWriteTxBuf         000008C9 
               XSTACK = 0000000B ( 0000000A )
    -------------------------------------------------------------------------
<BANKED_CODE> 1 (was BANKED_CODE)
  Relative segment, address: CODE 000008F2 - 00000909 (0x18 bytes), align: 0
  Segment part 89.            Intra module refs:   halRfReadRxBuf::?relay
           ENTRY                   ADDRESS         REF BY
           =====                   =======         ======
           halRfReadRxBuf          000008F2 
               ISTACK = 00000000 ( 00000003 )
    -------------------------------------------------------------------------
NEAR_CODE
  Relative segment, address: CODE 000003F4 - 00000426 (0x33 bytes), align: 0
  Segment part 147.           Intra module refs:   rfIsr::??INTVEC 131
           ENTRY                   ADDRESS         REF BY
           =====                   =======         ======
           rfIsr                   000003F4 
               interrupt function
               ISTACK = 00000000 ( 0000000F )
    -------------------------------------------------------------------------
NEAR_CODE
  Relative segment, address: CODE 00000427 - 0000042B (0x5 bytes), align: 0
  Segment part 148.           Intra module refs:   ST_ISR
                                                   rfIsr
           LOCAL                   ADDRESS         
           =====                   =======         
           ?Subroutine3            00000427 
    -------------------------------------------------------------------------
XDATA_Z
  Relative segment, address: XDATA 000002FE - 0000030D (0x10 bytes), align: 0
  Segment part 53.            Intra module refs:   port0_ISR
           LOCAL                   ADDRESS         
           =====                   =======         
           port0_isr_tbl           000002FE 
    -------------------------------------------------------------------------
XDATA_Z
  Relative segment, address: XDATA 0000030E - 0000031D (0x10 bytes), align: 0
  Segment part 54.            Intra module refs:   port1_ISR
           LOCAL                   ADDRESS         
           =====                   =======         
           port1_isr_tbl           0000030E 
    -------------------------------------------------------------------------
XDATA_Z
  Relative segment, address: XDATA 0000031E - 00000327 (0xa bytes), align: 0
  Segment part 55.            Intra module refs:   port2_ISR
           LOCAL                   ADDRESS         
           =====                   =======         
           port2_isr_tbl           0000031E 
    -------------------------------------------------------------------------
NEAR_CODE
  Relative segment, address: CODE 0000042C - 0000046E (0x43 bytes), align: 0
  Segment part 149.           Intra module refs:   port0_ISR::??INTVEC 107
           ENTRY                   ADDRESS         REF BY
           =====                   =======         ======
           port0_ISR               0000042C 
               interrupt function
               ISTACK = 00000000 ( 00000010 )
    -------------------------------------------------------------------------
NEAR_CODE
  Relative segment, address: CODE 0000046F - 00000473 (0x5 bytes), align: 0
  Segment part 150.           Intra module refs:   port0_ISR
                                                   port1_ISR
                                                   port2_ISR
           LOCAL                   ADDRESS         
           =====                   =======         
           ?Subroutine4            0000046F 
    -------------------------------------------------------------------------
NEAR_CODE
  Relative segment, address: CODE 00000474 - 000004B8 (0x45 bytes), align: 0
  Segment part 151.           Intra module refs:   port1_ISR::??INTVEC 123
           ENTRY                   ADDRESS         REF BY
           =====                   =======         ======
           port1_ISR               00000474 
               interrupt function
               ISTACK = 00000000 ( 00000010 )
    -------------------------------------------------------------------------
NEAR_CODE
  Relative segment, address: CODE 000004B9 - 000004C9 (0x11 bytes), align: 0
  Segment part 152.           Intra module refs:   port0_ISR
                                                   port1_ISR
                                                   port2_ISR
           LOCAL                   ADDRESS         
           =====                   =======         
           ?Subroutine19           000004B9 
    -------------------------------------------------------------------------
NEAR_CODE
  Relative segment, address: CODE 000004CA - 0000050F (0x46 bytes), align: 0
  Segment part 153.           Intra module refs:   port2_ISR::??INTVEC 51
           ENTRY                   ADDRESS         REF BY
           =====                   =======         ======
           port2_ISR               000004CA 
               interrupt function
               ISTACK = 00000000 ( 00000010 )
    -------------------------------------------------------------------------
XDATA_Z
  Relative segment, address: XDATA 00000328 - 0000032D (0x6 bytes), align: 0
  Segment part 56.            Intra module refs:   RF_Initial
           LOCAL                   ADDRESS         
           =====                   =======         
           basicRfConfig           00000328 
    -------------------------------------------------------------------------
XDATA_Z
  Relative segment, address: XDATA 0000032E - 0000032F (0x2 bytes), align: 0
  Segment part 57.            Intra module refs:   main
           LOCAL                   ADDRESS         
           =====                   =======         
           SendCnt                 0000032E 
    -------------------------------------------------------------------------
XDATA_Z
  Relative segment, address: XDATA 00000330 - 00000330 (0x1 bytes), align: 0
  Segment part 58.            Intra module refs:   UART0_ISR
           LOCAL                   ADDRESS         
           =====                   =======         
           Uart1_temp              00000330 
    -------------------------------------------------------------------------
XDATA_Z
  Relative segment, address: XDATA 00000331 - 00000337 (0x7 bytes), align: 0
  Segment part 59.            Intra module refs:   main
           LOCAL                   ADDRESS         
           =====                   =======         
           TransRst                00000331 
    -------------------------------------------------------------------------
NEAR_CODE
  Relative segment, address: CODE 00000510 - 00000528 (0x19 bytes), align: 0
  Segment part 154.           Intra module refs:   UART0_ISR::??INTVEC 19
           ENTRY                   ADDRESS         REF BY
           =====                   =======         ======
           UART0_ISR               00000510 
               interrupt function
               ISTACK = 00000000 ( 00000004 )
    -------------------------------------------------------------------------
<BANKED_CODE> 1 (was BANKED_CODE)
  Relative segment, address: CODE 0000090A - 00000912 (0x9 bytes), align: 0
  Segment part 91.            Intra module refs:   IIC_Start
                                                   SHT1x_TransStart
           LOCAL                   ADDRESS         
           =====                   =======         
           ?Subroutine0            0000090A 
    -------------------------------------------------------------------------
<BANKED_CODE> 1 (was BANKED_CODE)
  Relative segment, address: CODE 00000913 - 00000919 (0x7 bytes), align: 0
  Segment part 92.            Intra module refs:   ?Subroutine0
                                                   IIC_Stop
                                                   IIC_Wait_Ack
                                                   basicRfRxFrmDoneIsr
                                                   halMcuInit
                                                   halRfDisableRxInterrupt
                                                   halRfEnableRxInterrupt
                                                   halRfInit
                                                   halRfReadRxBuf
    -------------------------------------------------------------------------
<BANKED_CODE> 1 (was BANKED_CODE)
  Relative segment, address: CODE 0000091A - 00000929 (0x10 bytes), align: 0
  Segment part 93.            Intra module refs:   halRfDisableRxInterrupt::?relay
           ENTRY                   ADDRESS         REF BY
           =====                   =======         ======
           halRfDisableRxInterrupt
                                   0000091A 
               XSTACK = 0000000B ( 00000000 )
               ISTACK = 00000000 ( 00000002 )
    -------------------------------------------------------------------------
<BANKED_CODE> 1 (was BANKED_CODE)
  Relative segment, address: CODE 0000092A - 00000939 (0x10 bytes), align: 0
  Segment part 95.            Intra module refs:   halRfEnableRxInterrupt::?relay
           ENTRY                   ADDRESS         REF BY
           =====                   =======         ======
           halRfEnableRxInterrupt
                                   0000092A 
               XSTACK = 0000000B ( 00000000 )
               ISTACK = 00000000 ( 00000002 )
    -------------------------------------------------------------------------
<BANKED_CODE> 1 (was BANKED_CODE)
  Relative segment, address: CODE 0000093A - 00000950 (0x17 bytes), align: 0
  Segment part 97.            Intra module refs:   halAssertHandler::?relay
           ENTRY                   ADDRESS         REF BY
           =====                   =======         ======
           halAssertHandler        0000093A 
               calls direct
               XSTACK = 00000009 ( 00000000 )
               ISTACK = 00000000 ( 00000002 )
    -------------------------------------------------------------------------
<BANKED_CODE> 1 (was BANKED_CODE)
  Relative segment, address: CODE 00000951 - 00000962 (0x12 bytes), align: 0
  Segment part 99.            Intra module refs:   halLedSet::?relay
           ENTRY                   ADDRESS         REF BY
           =====                   =======         ======
           halLedSet               00000951 
               XSTACK = 00000005 ( 00000000 )
    -------------------------------------------------------------------------
<BANKED_CODE> 1 (was BANKED_CODE)
  Relative segment, address: CODE 00000963 - 00000974 (0x12 bytes), align: 0
  Segment part 101.           Intra module refs:   halLedClear::?relay
           ENTRY                   ADDRESS         REF BY
           =====                   =======         ======
           halLedClear             00000963 
               XSTACK = 00000005 ( 00000000 )
    -------------------------------------------------------------------------
<BANKED_CODE> 1 (was BANKED_CODE)
  Relative segment, address: CODE 00000975 - 00000988 (0x14 bytes), align: 0
  Segment part 103.           Intra module refs:   halLedToggle::?relay
           ENTRY                   ADDRESS         REF BY
           =====                   =======         ======
           halLedToggle            00000975 
    -------------------------------------------------------------------------
<BANKED_CODE> 1 (was BANKED_CODE)
  Relative segment, address: CODE 00000989 - 000009DE (0x56 bytes), align: 0
  Segment part 105.           Intra module refs:   RF_Initial::?relay
           LOCAL                   ADDRESS         
           =====                   =======         
           RF_Initial              00000989 
               calls direct
               XSTACK = 00000005 ( 00000009 )
    -------------------------------------------------------------------------
<BANKED_CODE> 1 (was BANKED_CODE)
  Relative segment, address: CODE 000009DF - 00000B88 (0x1aa bytes), align: 0
  Segment part 107.
           ENTRY                   ADDRESS         REF BY
           =====                   =======         ======
           main                    000009DF        ?call_main (?cmain)
               calls direct
               XSTACK = 00000000 ( 00000005 )
    -------------------------------------------------------------------------
<BANKED_CODE> 1 (was BANKED_CODE)
  Relative segment, address: CODE 00000B89 - 00000B8D (0x5 bytes), align: 0
  Segment part 109.           Intra module refs:   main
           LOCAL                   ADDRESS         
           =====                   =======         
           ?Subroutine10           00000B89 
    -------------------------------------------------------------------------
<BANKED_CODE> 1 (was BANKED_CODE)
  Relative segment, address: CODE 00000B8E - 00000B95 (0x8 bytes), align: 0
  Segment part 110.           Intra module refs:   ?Subroutine10
                                                   main
    -------------------------------------------------------------------------
<BANKED_CODE> 1 (was BANKED_CODE)
  Relative segment, address: CODE 00000B96 - 00000BAC (0x17 bytes), align: 0
  Segment part 111.           Intra module refs:   IIC_Start::?relay
           ENTRY                   ADDRESS         REF BY
           =====                   =======         ======
           IIC_Start               00000B96 
               calls direct
               XSTACK = 00000005 ( 00000000 )
               ISTACK = 00000000 ( 00000002 )
    -------------------------------------------------------------------------
<BANKED_CODE> 1 (was BANKED_CODE)
  Relative segment, address: CODE 00000BAD - 00000BC8 (0x1c bytes), align: 0
  Segment part 113.           Intra module refs:   IIC_Stop::?relay
           ENTRY                   ADDRESS         REF BY
           =====                   =======         ======
           IIC_Stop                00000BAD 
               calls direct
               XSTACK = 00000005 ( 00000000 )
               ISTACK = 00000000 ( 00000002 )
    -------------------------------------------------------------------------
<BANKED_CODE> 1 (was BANKED_CODE)
  Relative segment, address: CODE 00000BC9 - 00000BF0 (0x28 bytes), align: 0
  Segment part 115.           Intra module refs:   IIC_Wait_Ack::?relay
           ENTRY                   ADDRESS         REF BY
           =====                   =======         ======
           IIC_Wait_Ack            00000BC9 
               calls direct
               XSTACK = 00000009 ( 00000000 )
               ISTACK = 00000000 ( 00000002 )
    -------------------------------------------------------------------------
<BANKED_CODE> 1 (was BANKED_CODE)
  Relative segment, address: CODE 00000BF1 - 00000BFB (0xb bytes), align: 0
  Segment part 117.           Intra module refs:   IIC_Stop
                                                   IIC_Wait_Ack
           LOCAL                   ADDRESS         
           =====                   =======         
           ?Subroutine15           00000BF1 
    -------------------------------------------------------------------------
<BANKED_CODE> 1 (was BANKED_CODE)
  Relative segment, address: CODE 00000BFC - 00000C22 (0x27 bytes), align: 0
  Segment part 118.           Intra module refs:   IIC_Send_Byte::?relay
           ENTRY                   ADDRESS         REF BY
           =====                   =======         ======
           IIC_Send_Byte           00000BFC 
               calls direct
               XSTACK = 00000005 ( 00000009 )
    -------------------------------------------------------------------------
<BANKED_CODE> 1 (was BANKED_CODE)
  Relative segment, address: CODE 00000C23 - 00000C5F (0x3d bytes), align: 0
  Segment part 120.           Intra module refs:   IIC_Read_Byte::?relay
           ENTRY                   ADDRESS         REF BY
           =====                   =======         ======
           IIC_Read_Byte           00000C23 
               calls direct
               XSTACK = 00000005 ( 00000009 )
    -------------------------------------------------------------------------
<BANKED_CODE> 1 (was BANKED_CODE)
  Relative segment, address: CODE 00000C60 - 00000C61 (0x2 bytes), align: 0
  Segment part 122.           Intra module refs:   ?Subroutine13
                                                   IIC_Read_Byte
           LOCAL                   ADDRESS         
           =====                   =======         
           ?Subroutine18           00000C60 
    -------------------------------------------------------------------------
<BANKED_CODE> 1 (was BANKED_CODE)
  Relative segment, address: CODE 00000C62 - 00000C69 (0x8 bytes), align: 0
  Segment part 123.           Intra module refs:   ?Subroutine11
                                                   ?Subroutine15
                                                   ?Subroutine18
    -------------------------------------------------------------------------
<BANKED_CODE> 1 (was BANKED_CODE)
  Relative segment, address: CODE 00000C6A - 00000C76 (0xd bytes), align: 0
  Segment part 124.           Intra module refs:   IIC_Read_Byte
                                                   IIC_Send_Byte
           LOCAL                   ADDRESS         
           =====                   =======         
           ?Subroutine13           00000C6A 
    -------------------------------------------------------------------------
<BANKED_CODE> 1 (was BANKED_CODE)
  Relative segment, address: CODE 00000C77 - 00000C98 (0x22 bytes), align: 0
  Segment part 125.           Intra module refs:   SHT1x_TransStart::?relay
           ENTRY                   ADDRESS         REF BY
           =====                   =======         ======
           SHT1x_TransStart        00000C77 
               calls direct
               XSTACK = 00000010 ( 00000000 )
               ISTACK = 00000000 ( 00000002 )
    -------------------------------------------------------------------------
<BANKED_CODE> 1 (was BANKED_CODE)
  Relative segment, address: CODE 00000C99 - 00000C9C (0x4 bytes), align: 0
  Segment part 127.           Intra module refs:   SHT1x_TransStart
                                                   main
           LOCAL                   ADDRESS         
           =====                   =======         
           ?Subroutine14           00000C99 
    -------------------------------------------------------------------------
<BANKED_CODE> 1 (was BANKED_CODE)
  Relative segment, address: CODE 00000C9D - 00000CAD (0x11 bytes), align: 0
  Segment part 128.           Intra module refs:   ?Subroutine12
                                                   ?Subroutine14
           LOCAL                   ADDRESS         
           =====                   =======         
           ?Subroutine17           00000C9D 
    -------------------------------------------------------------------------
<BANKED_CODE> 1 (was BANKED_CODE)
  Relative segment, address: CODE 00000CAE - 00000CCA (0x1d bytes), align: 0
  Segment part 129.           Intra module refs:   SHT1x_WriteByte::?relay
           ENTRY                   ADDRESS         REF BY
           =====                   =======         ======
           SHT1x_WriteByte         00000CAE 
               calls direct
               XSTACK = 00000010 ( 00000009 )
    -------------------------------------------------------------------------
<BANKED_CODE> 1 (was BANKED_CODE)
  Relative segment, address: CODE 00000CCB - 00000CCF (0x5 bytes), align: 0
  Segment part 131.           Intra module refs:   C51_GPIO_ioCheckInput
                                                   C51_GPIO_ioDetective
                                                   IIC_Read_Byte
                                                   IIC_Send_Byte
                                                   RF_Initial
                                                   SHT1x_ReadByte
                                                   SHT1x_WriteByte
                                                   basicRfInit
           LOCAL                   ADDRESS         
           =====                   =======         
           ?Subroutine1            00000CCB 
    -------------------------------------------------------------------------
<BANKED_CODE> 1 (was BANKED_CODE)
  Relative segment, address: CODE 00000CD0 - 00000D0E (0x3f bytes), align: 0
  Segment part 132.           Intra module refs:   SHT1x_ReadByte::?relay
           ENTRY                   ADDRESS         REF BY
           =====                   =======         ======
           SHT1x_ReadByte          00000CD0 
               calls direct
               XSTACK = 00000010 ( 00000009 )
    -------------------------------------------------------------------------
<BANKED_CODE> 1 (was BANKED_CODE)
  Relative segment, address: CODE 00000D0F - 00000D16 (0x8 bytes), align: 0
  Segment part 134.           Intra module refs:   SHT1x_ReadByte
                                                   SHT1x_WriteByte
           LOCAL                   ADDRESS         
           =====                   =======         
           ?Subroutine12           00000D0F 
    -------------------------------------------------------------------------
<BANKED_CODE> 1 (was BANKED_CODE)
  Relative segment, address: CODE 00000D17 - 00000D23 (0xd bytes), align: 0
  Segment part 135.           Intra module refs:   SHT1x_ReadByte
                                                   SHT1x_TransStart
           LOCAL                   ADDRESS         
           =====                   =======         
           ?Subroutine11           00000D17 
    -------------------------------------------------------------------------
<BANKED_CODE> 1 (was BANKED_CODE)
  Relative segment, address: CODE 00000D24 - 00000DAF (0x8c bytes), align: 0
  Segment part 136.           Intra module refs:   SHT1x_ReadResult::?relay
           ENTRY                   ADDRESS         REF BY
           =====                   =======         ======
           SHT1x_ReadResult        00000D24 
               calls direct
               XSTACK = 00000005 ( 00000010 )
               ISTACK = 00000000 ( 00000001 )
    -------------------------------------------------------------------------
<BANKED_CODE> 1 (was BANKED_CODE)
  Relative segment, address: CODE 00000DB0 - 00000DB4 (0x5 bytes), align: 0
  Segment part 138.           Intra module refs:   C51_RTC_EnterSleep
                                                   SHT1x_ReadResult
           LOCAL                   ADDRESS         
           =====                   =======         
           ?Subroutine2            00000DB0 
    -------------------------------------------------------------------------
<BANKED_CODE> 1 (was BANKED_CODE)
  Relative segment, address: CODE 00000DB5 - 00000E15 (0x61 bytes), align: 0
  Segment part 139.           Intra module refs:   C51_GPIO_ioDetective::?relay
           ENTRY                   ADDRESS         REF BY
           =====                   =======         ======
           C51_GPIO_ioDetective    00000DB5 
               calls direct
               XSTACK = 00000005 ( 00000009 )
    -------------------------------------------------------------------------
<BANKED_CODE> 1 (was BANKED_CODE)
  Relative segment, address: CODE 00000E16 - 00000EA4 (0x8f bytes), align: 0
  Segment part 141.           Intra module refs:   C51_GPIO_ioCheckInput::?relay
           ENTRY                   ADDRESS         REF BY
           =====                   =======         ======
           C51_GPIO_ioCheckInput   00000E16 
               XSTACK = 00000009 ( 00000009 )
    -------------------------------------------------------------------------
<BANKED_CODE> 1 (was BANKED_CODE)
  Relative segment, address: CODE 00000EA5 - 00000EB8 (0x14 bytes), align: 0
  Segment part 143.           Intra module refs:   C51_RTC_SysPowerMode::?relay
           ENTRY                   ADDRESS         REF BY
           =====                   =======         ======
           C51_RTC_SysPowerMode    00000EA5 
               XSTACK = 00000010 ( 00000000 )
    -------------------------------------------------------------------------
<BANKED_CODE> 1 (was BANKED_CODE)
  Relative segment, address: CODE 00000EB9 - 00000F30 (0x78 bytes), align: 0
  Segment part 145.           Intra module refs:   C51_RTC_EnterSleep::?relay
           ENTRY                   ADDRESS         REF BY
           =====                   =======         ======
           C51_RTC_EnterSleep      00000EB9 
               calls direct
               XSTACK = 00000005 ( 00000010 )
    -------------------------------------------------------------------------
NEAR_CODE
  Relative segment, address: CODE 00000529 - 00000539 (0x11 bytes), align: 0
  Segment part 155.           Intra module refs:   ST_ISR::??INTVEC 43
           ENTRY                   ADDRESS         REF BY
           =====                   =======         ======
           ST_ISR                  00000529 
               interrupt function
               calls direct
               ISTACK = 00000000 ( 0000000F )
    -------------------------------------------------------------------------
INTVEC
  Common segment, address: CODE 00000000 - 00000015 (0x16 bytes), align: 0
  Segment part 35. ROOT.
           ENTRY                   ADDRESS         REF BY
           =====                   =======         ======
           UART0_ISR::??INTVEC 19
                                   00000013 
    -------------------------------------------------------------------------
INTVEC
  Common segment, address: CODE 00000000 - 0000002D (0x2e bytes), align: 0
  Segment part 36. ROOT.
           ENTRY                   ADDRESS         REF BY
           =====                   =======         ======
           ST_ISR::??INTVEC 43     0000002B 
    -------------------------------------------------------------------------
INTVEC
  Common segment, address: CODE 00000000 - 00000035 (0x36 bytes), align: 0
  Segment part 37. ROOT.
           ENTRY                   ADDRESS         REF BY
           =====                   =======         ======
           port2_ISR::??INTVEC 51
                                   00000033 
    -------------------------------------------------------------------------
INTVEC
  Common segment, address: CODE 00000000 - 0000006D (0x6e bytes), align: 0
  Segment part 38. ROOT.
           ENTRY                   ADDRESS         REF BY
           =====                   =======         ======
           port0_ISR::??INTVEC 107
                                   0000006B 
    -------------------------------------------------------------------------
INTVEC
  Common segment, address: CODE 00000000 - 0000007D (0x7e bytes), align: 0
  Segment part 39. ROOT.
           ENTRY                   ADDRESS         REF BY
           =====                   =======         ======
           port1_ISR::??INTVEC 123
                                   0000007B 
    -------------------------------------------------------------------------
INTVEC
  Common segment, address: CODE 00000000 - 00000085 (0x86 bytes), align: 0
  Segment part 40. ROOT.
           ENTRY                   ADDRESS         REF BY
           =====                   =======         ======
           rfIsr::??INTVEC 131     00000083 
    -------------------------------------------------------------------------
XDATA_ID
  Relative segment, address: CODE 00000116 - 00000121 (0xc bytes), align: 0
  Segment part 47.            Intra module refs:   rxi
    -------------------------------------------------------------------------
XDATA_ID
  Relative segment, address: CODE 00000122 - 00000125 (0x4 bytes), align: 0
  Segment part 61.            Intra module refs:   __Constant_0
    -------------------------------------------------------------------------
BANK_RELAYS
  Relative segment, address: CODE 00000126 - 0000012B (0x6 bytes), align: 0
  Segment part 63.            Intra module refs:   basicRfInit
           LOCAL                   ADDRESS         
           =====                   =======         
           basicRfRxFrmDoneIsr::?relay
                                   00000126 
    -------------------------------------------------------------------------
BANK_RELAYS
  Relative segment, address: CODE 0000012C - 00000131 (0x6 bytes), align: 0
  Segment part 66.            Intra module refs:   RF_Initial
           ENTRY                   ADDRESS         REF BY
           =====                   =======         ======
           basicRfInit::?relay     0000012C 
    -------------------------------------------------------------------------
BANK_RELAYS
  Relative segment, address: CODE 00000132 - 00000137 (0x6 bytes), align: 0
  Segment part 68.            Intra module refs:   main
           ENTRY                   ADDRESS         REF BY
           =====                   =======         ======
           basicRfSendPacket::?relay
                                   00000132 
    -------------------------------------------------------------------------
BANK_RELAYS
  Relative segment, address: CODE 00000138 - 0000013D (0x6 bytes), align: 0
  Segment part 76.            Intra module refs:   halMcuInit
           ENTRY                   ADDRESS         REF BY
           =====                   =======         ======
           clockSetMainSrc::?relay
                                   00000138 
    -------------------------------------------------------------------------
BANK_RELAYS
  Relative segment, address: CODE 0000013E - 00000143 (0x6 bytes), align: 0
  Segment part 78.            Intra module refs:   halMcuInit
           ENTRY                   ADDRESS         REF BY
           =====                   =======         ======
           clockSelect32k::?relay
                                   0000013E 
    -------------------------------------------------------------------------
BANK_RELAYS
  Relative segment, address: CODE 00000144 - 00000149 (0x6 bytes), align: 0
  Segment part 80.            Intra module refs:   main
           ENTRY                   ADDRESS         REF BY
           =====                   =======         ======
           halMcuInit::?relay      00000144 
    -------------------------------------------------------------------------
BANK_RELAYS
  Relative segment, address: CODE 0000014A - 0000014F (0x6 bytes), align: 0
  Segment part 82.            Intra module refs:   ?Subroutine0
                                                   ?Subroutine11
                                                   ?Subroutine13
                                                   ?Subroutine15
                                                   ?Subroutine17
                                                   IIC_Read_Byte
                                                   IIC_Send_Byte
                                                   IIC_Start
                                                   IIC_Stop
                                                   SHT1x_ReadByte
                                                   SHT1x_ReadResult
                                                   SHT1x_TransStart
                                                   Segment part 123
                                                   basicRfSendPacket
                                                   halMcuWaitMs
           ENTRY                   ADDRESS         REF BY
           =====                   =======         ======
           halMcuWaitUs::?relay    0000014A 
    -------------------------------------------------------------------------
BANK_RELAYS
  Relative segment, address: CODE 00000150 - 00000155 (0x6 bytes), align: 0
  Segment part 84.            Intra module refs:   halAssertHandler
                                                   main
           ENTRY                   ADDRESS         REF BY
           =====                   =======         ======
           halMcuWaitMs::?relay    00000150 
    -------------------------------------------------------------------------
BANK_RELAYS
  Relative segment, address: CODE 00000156 - 0000015B (0x6 bytes), align: 0
  Segment part 86.            Intra module refs:   basicRfInit
                                                   main
           ENTRY                   ADDRESS         REF BY
           =====                   =======         ======
           halRfInit::?relay       00000156 
    -------------------------------------------------------------------------
BANK_RELAYS
  Relative segment, address: CODE 0000015C - 00000161 (0x6 bytes), align: 0
  Segment part 88.            Intra module refs:   basicRfSendPacket
           ENTRY                   ADDRESS         REF BY
           =====                   =======         ======
           halRfWriteTxBuf::?relay
                                   0000015C 
    -------------------------------------------------------------------------
BANK_RELAYS
  Relative segment, address: CODE 00000162 - 00000167 (0x6 bytes), align: 0
  Segment part 90.            Intra module refs:   ?Subroutine8
                                                   basicRfRxFrmDoneIsr
           ENTRY                   ADDRESS         REF BY
           =====                   =======         ======
           halRfReadRxBuf::?relay
                                   00000162 
    -------------------------------------------------------------------------
BANK_RELAYS
  Relative segment, address: CODE 00000168 - 0000016D (0x6 bytes), align: 0
  Segment part 94.            Intra module refs:   basicRfRxFrmDoneIsr
                                                   basicRfSendPacket
           ENTRY                   ADDRESS         REF BY
           =====                   =======         ======
           halRfDisableRxInterrupt::?relay
                                   00000168 
    -------------------------------------------------------------------------
BANK_RELAYS
  Relative segment, address: CODE 0000016E - 00000173 (0x6 bytes), align: 0
  Segment part 96.            Intra module refs:   basicRfRxFrmDoneIsr
                                                   basicRfSendPacket
                                                   halRfInit
           ENTRY                   ADDRESS         REF BY
           =====                   =======         ======
           halRfEnableRxInterrupt::?relay
                                   0000016E 
    -------------------------------------------------------------------------
BANK_RELAYS
  Relative segment, address: CODE 00000174 - 00000179 (0x6 bytes), align: 0
  Segment part 98.            Intra module refs:   RF_Initial
                                                   halMcuInit
                                                   main
           ENTRY                   ADDRESS         REF BY
           =====                   =======         ======
           halAssertHandler::?relay
                                   00000174 
    -------------------------------------------------------------------------
BANK_RELAYS
  Relative segment, address: CODE 0000017A - 0000017F (0x6 bytes), align: 0
  Segment part 100.           Intra module refs:   main
           ENTRY                   ADDRESS         REF BY
           =====                   =======         ======
           halLedSet::?relay       0000017A 
    -------------------------------------------------------------------------
BANK_RELAYS
[...]

  SEGMENTS IN THE MODULE
  ======================
CSTART
  Relative segment, address: CODE 000000F5 - 00000112 (0x1e bytes), align: 0
  Segment part 0.
           ENTRY                   ADDRESS         REF BY
           =====                   =======         ======
           ?BCALL_FF               000000F5        ?call_main (?cmain)
           ?BRET_FF                000000FB        ?BANKED_LEAVE_XDATA (?BANKED_LEAVE_XDATA)
                                                   C51_RTC_SysPowerMode (basic_rf)
                                                   Segment part 92 (basic_rf)
                                                   clockSelect32k (basic_rf)
                                                   clockSetMainSrc (basic_rf)
                                                   halLedClear (basic_rf)
                                                   halLedSet (basic_rf)
                                                   halLedToggle (basic_rf)
                                                   halMcuWaitUs (basic_rf)
           ?BDISPATCH_FF           000000FE        C51_GPIO_ioCheckInput::?relay (basic_rf)
                                                   C51_GPIO_ioDetective::?relay (basic_rf)
                                                   C51_RTC_EnterSleep::?relay (basic_rf)
                                                   C51_RTC_SysPowerMode::?relay (basic_rf)
                                                   IIC_Read_Byte::?relay (basic_rf)
                                                   IIC_Send_Byte::?relay (basic_rf)
                                                   IIC_Start::?relay (basic_rf)
                                                   IIC_Stop::?relay (basic_rf)
                                                   IIC_Wait_Ack::?relay (basic_rf)
                                                   RF_Initial::?relay (basic_rf)
                                                   SHT1x_ReadByte::?relay (basic_rf)
                                                   SHT1x_ReadResult::?relay (basic_rf)
                                                   SHT1x_TransStart::?relay (basic_rf)
                                                   SHT1x_WriteByte::?relay (basic_rf)
                                                   basicRfInit::?relay (basic_rf)
                                                   basicRfRxFrmDoneIsr::?relay (basic_rf)
                                                   basicRfSendPacket::?relay (basic_rf)
                                                   clockSelect32k::?relay (basic_rf)
                                                   clockSetMainSrc::?relay (basic_rf)
                                                   halAssertHandler::?relay (basic_rf)
                                                   halLedClear::?relay (basic_rf)
                                                   halLedSet::?relay (basic_rf)
                                                   halLedToggle::?relay (basic_rf)
                                                   halMcuInit::?relay (basic_rf)
                                                   halMcuWaitMs::?relay (basic_rf)
                                                   halMcuWaitUs::?relay (basic_rf)
                                                   halRfDisableRxInterrupt::?relay (basic_rf)
                                                   halRfEnableRxInterrupt::?relay (basic_rf)
                                                   halRfInit::?relay (basic_rf)
                                                   halRfReadRxBuf::?relay (basic_rf)
                                                   halRfWriteTxBuf::?relay (basic_rf)

    -------------------------------------------------------------------------
  LIBRARY MODULE, NAME : ?UL_SHR

  SEGMENTS IN THE MODULE
  ======================
RCODE
  Relative segment, address: CODE 000001E0 - 000001E4 (0x5 bytes), align: 0
  Segment part 1.             Intra module refs:   Segment part 2
           ENTRY                   ADDRESS         REF BY
           =====                   =======         ======
           ?UL_SHR                 000001E0        C51_RTC_EnterSleep (basic_rf)
    -------------------------------------------------------------------------
RCODE
  Relative segment, address: CODE 000001E5 - 000001F8 (0x14 bytes), align: 0
  Segment part 2.             Intra module refs:   ?UL_SHR

    -------------------------------------------------------------------------
  LIBRARY MODULE, NAME : ?L_SHL

  SEGMENTS IN THE MODULE
  ======================
RCODE
  Relative segment, address: CODE 000001F9 - 000001FE (0x6 bytes), align: 0
  Segment part 0.
           ENTRY                   ADDRESS         REF BY
           =====                   =======         ======
           ?L_SHL                  000001F9        C51_RTC_EnterSleep (basic_rf)
    -------------------------------------------------------------------------
RCODE
  Relative segment, address: CODE 000001FF - 00000203 (0x5 bytes), align: 0
  Segment part 1.             Intra module refs:   Segment part 2
           ENTRY                   ADDRESS         REF BY
           =====                   =======         ======
           ?L_SHL_REW              000001FF 
    -------------------------------------------------------------------------
RCODE
  Relative segment, address: CODE 00000204 - 00000217 (0x14 bytes), align: 0
  Segment part 2.             Intra module refs:   ?L_SHL
                                                   ?L_SHL_REW

    -------------------------------------------------------------------------
  LIBRARY MODULE, NAME : ?L_ADD

  SEGMENTS IN THE MODULE
  ======================
RCODE
  Relative segment, address: CODE 00000218 - 0000022A (0x13 bytes), align: 0
  Segment part 1.
           ENTRY                   ADDRESS         REF BY
           =====                   =======         ======
           ?L_ADD                  00000218        C51_RTC_EnterSleep (basic_rf)

    -------------------------------------------------------------------------
  LIBRARY MODULE, NAME : ?L_IOR

  SEGMENTS IN THE MODULE
  ======================
RCODE
  Relative segment, address: CODE 0000022B - 0000023D (0x13 bytes), align: 0
  Segment part 1.
           ENTRY                   ADDRESS         REF BY
           =====                   =======         ======
           ?L_IOR                  0000022B        C51_RTC_EnterSleep (basic_rf)

    -------------------------------------------------------------------------
  LIBRARY MODULE, NAME : ?XLOAD_R2345

  SEGMENTS IN THE MODULE
  ======================
RCODE
  Relative segment, address: CODE 0000023E - 00000249 (0xc bytes), align: 0
  Segment part 0.
           ENTRY                   ADDRESS         REF BY
           =====                   =======         ======
           ?XLOAD_R2345            0000023E        basicRfInit (basic_rf)

    -------------------------------------------------------------------------
  LIBRARY MODULE, NAME : ?XSTORE_R2345

  SEGMENTS IN THE MODULE
  ======================
RCODE
  Relative segment, address: CODE 0000024A - 00000255 (0xc bytes), align: 0
  Segment part 0.
           ENTRY                   ADDRESS         REF BY
           =====                   =======         ======
           ?XSTORE_R2345           0000024A        basicRfInit (basic_rf)

    -------------------------------------------------------------------------
  LIBRARY MODULE, NAME : ?S_SHL

  SEGMENTS IN THE MODULE
  ======================
RCODE
  Relative segment, address: CODE 00000256 - 00000258 (0x3 bytes), align: 0
  Segment part 0.
           ENTRY                   ADDRESS         REF BY
           =====                   =======         ======
           ?S_SHL                  00000256        port0_ISR (basic_rf)
                                                   port1_ISR (basic_rf)
                                                   port2_ISR (basic_rf)
    -------------------------------------------------------------------------
RCODE
  Relative segment, address: CODE 00000259 - 0000025B (0x3 bytes), align: 0
  Segment part 1.             Intra module refs:   Segment part 2
           ENTRY                   ADDRESS         REF BY
           =====                   =======         ======
           ?S_SHL_REW              00000259 
    -------------------------------------------------------------------------
RCODE
  Relative segment, address: CODE 0000025C - 00000268 (0xd bytes), align: 0
  Segment part 2.             Intra module refs:   ?S_SHL
                                                   ?S_SHL_REW

    -------------------------------------------------------------------------
  LIBRARY MODULE, NAME : ?ALLOC_XSTACK8

  SEGMENTS IN THE MODULE
  ======================
RCODE
  Relative segment, address: CODE 00000269 - 0000027E (0x16 bytes), align: 0
  Segment part 0.
           ENTRY                   ADDRESS         REF BY
           =====                   =======         ======
           ?ALLOC_XSTACK8          00000269        main (basic_rf)

    -------------------------------------------------------------------------
  LIBRARY MODULE, NAME : ?XSTACK_DISP8

  SEGMENTS IN THE MODULE
  ======================
RCODE
  Relative segment, address: CODE 0000027F - 00000288 (0xa bytes), align: 0
  Segment part 1.
           ENTRY                   ADDRESS         REF BY
           =====                   =======         ======
           ?XSTACK_DISP0_8         0000027F        main (basic_rf)

    -------------------------------------------------------------------------
  LIBRARY MODULE, NAME : ?CALL_IND

  SEGMENTS IN THE MODULE
  ======================
RCODE
  Relative segment, address: CODE 00000289 - 0000028A (0x2 bytes), align: 0
  Segment part 0.
           ENTRY                   ADDRESS         REF BY
           =====                   =======         ======
           ?CALL_IND               00000289        port0_ISR (basic_rf)
                                                   port1_ISR (basic_rf)
                                                   port2_ISR (basic_rf)
                                                   rfIsr (basic_rf)

    -------------------------------------------------------------------------
  LIBRARY MODULE, NAME : ?BANKED_ENTER_XDATA

  SEGMENTS IN THE MODULE
  ======================
RCODE
  Relative segment, address: CODE 0000028B - 000002F6 (0x6c bytes), align: 0
  Segment part 1.
           ENTRY                   ADDRESS         REF BY
           =====                   =======         ======
           ?BANKED_ENTER_XDATA     0000028B        C51_GPIO_ioCheckInput (basic_rf)
                                                   C51_GPIO_ioDetective (basic_rf)
                                                   C51_RTC_EnterSleep (basic_rf)
                                                   IIC_Read_Byte (basic_rf)
                                                   IIC_Send_Byte (basic_rf)
                                                   RF_Initial (basic_rf)
                                                   SHT1x_ReadByte (basic_rf)
                                                   SHT1x_ReadResult (basic_rf)
                                                   SHT1x_WriteByte (basic_rf)
                                                   basicRfInit (basic_rf)
                                                   basicRfSendPacket (basic_rf)
                                                   halMcuWaitMs (basic_rf)
                                                   halRfWriteTxBuf (basic_rf)

    -------------------------------------------------------------------------
  LIBRARY MODULE, NAME : ?BANKED_LEAVE_XDATA

  SEGMENTS IN THE MODULE
  ======================
RCODE
  Relative segment, address: CODE 000002F7 - 0000033C (0x46 bytes), align: 0
  Segment part 1.
           ENTRY                   ADDRESS         REF BY
           =====                   =======         ======
           ?BANKED_LEAVE_XDATA     000002F7        ?Subroutine1 (basic_rf)
                                                   ?Subroutine2 (basic_rf)
                                                   basicRfSendPacket (basic_rf)
                                                   halMcuWaitMs (basic_rf)
                                                   halRfWriteTxBuf (basic_rf)

    -------------------------------------------------------------------------
  LIBRARY MODULE, NAME : ?INTERRUPT_ENTER_XSP

  SEGMENTS IN THE MODULE
  ======================
RCODE
  Relative segment, address: CODE 0000033D - 0000039B (0x5f bytes), align: 0
  Segment part 1.
           ENTRY                   ADDRESS         REF BY
           =====                   =======         ======
           ?INTERRUPT_ENTER_XSP    0000033D        ST_ISR (basic_rf)
                                                   port0_ISR (basic_rf)
                                                   port1_ISR (basic_rf)
                                                   port2_ISR (basic_rf)
                                                   rfIsr (basic_rf)

    -------------------------------------------------------------------------
  LIBRARY MODULE, NAME : ?INTERRUPT_LEAVE_XSP

  SEGMENTS IN THE MODULE
  ======================
RCODE
  Relative segment, address: CODE 0000039C - 000003F3 (0x58 bytes), align: 0
  Segment part 1.
           ENTRY                   ADDRESS         REF BY
           =====                   =======         ======
           ?INTERRUPT_LEAVE_XSP    0000039C        ?Subroutine3 (basic_rf)
                                                   ?Subroutine4 (basic_rf)

    -------------------------------------------------------------------------
  LIBRARY MODULE, NAME : ?low_level_init

  SEGMENTS IN THE MODULE
  ======================
CSTART
  Relative segment, address: CODE 00000113 - 00000115 (0x3 bytes), align: 0
  Segment part 6. ROOT.
           ENTRY                   ADDRESS         REF BY
           =====                   =======         ======
           __low_level_init        00000113        __low_level_init_call (?cmain)




                ****************************************
                *                                      *
                *            MODULE SUMMARY            *
                *                                      *
                ****************************************

Module                 CODE      DATA      XDATA  IDATA    BIT
------                 ----      ----      -----  -----    ---
                      (Rel)  (Rel)  (Abs)  (Rel)  (Rel)  (Rel)
?ALLOC_XSTACK8           22
?BANKED_CODE_SUPPORT     30
?BANKED_ENTER_XDATA     108
?BANKED_LEAVE_XDATA      70
?CALL_IND                 2
?INTERRUPT_ENTER_XSP     95
?INTERRUPT_LEAVE_XSP     88
?L_ADD                   19
?L_IOR                   19
?L_SHL                   31
?S_SHL                   19
?UL_SHR                  25
?XLOAD_R2345             12
?XSTACK_DISP8            10
?XSTORE_R2345            12
?cexit                    5
?cmain                   88
?low_level_init           3
CSTARTUP                 18
  + common                3
VIRTUAL_REGISTERS                2                           8
basic_rf              3 079            34    328
  + common              134
N/A (command line)              16           511     64
N/A (alignment)
----------            -----     --     --    ---     --      -
Total:                3 755     18     34    839     64      8
  + common              134


                ****************************************
                *                                      *
                *      SEGMENTS IN ADDRESS ORDER       *
                *                                      *
                ****************************************


SEGMENT              SPACE    START ADDRESS   END ADDRESS     SIZE  TYPE  ALIGN
=======              =====    =============   ===========     ====  ====  =====
INTVEC               CODE          00000000 - 00000085          86   com    0
CSTART               CODE          00000086 - 00000115          90   rel    0
DATA_ID              CODE               00000116                     dse    0
BDATA_ID             CODE               00000116                     dse    0
BIT_ID               CODE               00000116                     dse    0
IDATA_ID             CODE               00000116                     dse    0
IXDATA_ID            CODE               00000116                     dse    0
PDATA_ID             CODE               00000116                     dse    0
XDATA_ID             CODE          00000116 - 00000125          10   rel    0
BANK_RELAYS          CODE          00000126 - 000001DF          BA   rel    0
RCODE                CODE          000001E0 - 000003F3         214   rel    0
CODE_N               CODE               000003F4                     dse    0
CODE_C               CODE               000003F4                     dse    0
DIFUNCT              CODE               000003F4                     dse    0
NEAR_CODE            CODE          000003F4 - 00000539         146   rel    0
<BANKED_CODE> 1      CODE          0000053A - 00000F30         9F7   rel    0
REGISTERS            DATA          00000000 - 00000007           8   rel    0
VREG                 DATA          00000008 - 0000000F           8   rel    0
PSP                  DATA               00000010                     dse    0
XSP                  DATA          00000010 - 00000011           2   rel    0
BREG                 BIT        00000020.0  -  00000020.7        8   rel    0
SFR_AN               DATA          00000080 - 00000080           1   rel    0
                     DATA          00000087 - 0000008B           5 
                     DATA          00000090 - 00000091           2 
                     DATA          00000095 - 00000097           3 
                     DATA          0000009A - 0000009B           2 
                     DATA          0000009D - 0000009E           2 
                     DATA          000000A0 - 000000A0           1 
                     DATA          000000A8 - 000000A8           1 
                     DATA          000000BE - 000000BE           1 
                     DATA          000000C0 - 000000C1           2 
                     DATA          000000C6 - 000000C6           1 
                     DATA          000000D9 - 000000D9           1 
                     DATA          000000E1 - 000000E1           1 
                     DATA          000000E8 - 000000E9           2 
                     DATA          000000F1 - 000000F1           1 
                     DATA          000000F3 - 000000F4           2 
                     DATA          000000F6 - 000000F6           1 
                     DATA          000000F8 - 000000F8           1 
                     DATA          000000FA - 000000FA           1 
                     DATA          000000FC - 000000FC           1 
                     DATA          000000FE - 000000FF           2 
XSTACK               XDATA         00000001 - 000001FF         1FF   rel    0
XDATA_Z              XDATA         00000200 - 00000337         138   rel    0
XDATA_I              XDATA         00000338 - 00000347          10   rel    0
PDATA_Z              XDATA              00001E00                     rel    0
ISTACK               IDATA         000000C0 - 000000FF          40   rel    0

                ****************************************
                *                                      *
                *        END OF CROSS REFERENCE        *
                *                                      *
                ****************************************

 3 889 bytes of CODE  memory
    18 bytes of DATA  memory (+ 34 absolute )
   839 bytes of XDATA memory
    64 bytes of IDATA memory
     8 bits  of BIT   memory

Errors: none
Warnings: none

